{
  "version": "1.5.0",
  "plugins_used": [
    {
      "name": "ArtifactoryDetector"
    },
    {
      "name": "AWSKeyDetector"
    },
    {
      "name": "AzureStorageKeyDetector"
    },
    {
      "name": "Base64HighEntropyString",
      "limit": 4.5
    },
    {
      "name": "BasicAuthDetector"
    },
    {
      "name": "CloudantDetector"
    },
    {
      "name": "DiscordBotTokenDetector"
    },
    {
      "name": "GitHubTokenDetector"
    },
    {
      "name": "GitLabTokenDetector"
    },
    {
      "name": "HexHighEntropyString",
      "limit": 3.0
    },
    {
      "name": "IbmCloudIamDetector"
    },
    {
      "name": "IbmCosHmacDetector"
    },
    {
      "name": "IPPublicDetector"
    },
    {
      "name": "JwtTokenDetector"
    },
    {
      "name": "KeywordDetector",
      "keyword_exclude": ""
    },
    {
      "name": "MailchimpDetector"
    },
    {
      "name": "NpmDetector"
    },
    {
      "name": "OpenAIDetector"
    },
    {
      "name": "PrivateKeyDetector"
    },
    {
      "name": "PypiTokenDetector"
    },
    {
      "name": "SendGridDetector"
    },
    {
      "name": "SlackDetector"
    },
    {
      "name": "SoftlayerDetector"
    },
    {
      "name": "SquareOAuthDetector"
    },
    {
      "name": "StripeDetector"
    },
    {
      "name": "TelegramBotTokenDetector"
    },
    {
      "name": "TwilioKeyDetector"
    }
  ],
  "filters_used": [
    {
      "path": "detect_secrets.filters.allowlist.is_line_allowlisted"
    },
    {
      "path": "detect_secrets.filters.common.is_baseline_file",
      "filename": ".secrets.baseline"
    },
    {
      "path": "detect_secrets.filters.common.is_ignored_due_to_verification_policies",
      "min_level": 2
    },
    {
      "path": "detect_secrets.filters.heuristic.is_indirect_reference"
    },
    {
      "path": "detect_secrets.filters.heuristic.is_likely_id_string"
    },
    {
      "path": "detect_secrets.filters.heuristic.is_lock_file"
    },
    {
      "path": "detect_secrets.filters.heuristic.is_not_alphanumeric_string"
    },
    {
      "path": "detect_secrets.filters.heuristic.is_potential_uuid"
    },
    {
      "path": "detect_secrets.filters.heuristic.is_prefixed_with_dollar_sign"
    },
    {
      "path": "detect_secrets.filters.heuristic.is_sequential_string"
    },
    {
      "path": "detect_secrets.filters.heuristic.is_swagger_file"
    },
    {
      "path": "detect_secrets.filters.heuristic.is_templated_secret"
    }
  ],
  "results": {
    ".github/workflows/ci.yml": [
      {
        "type": "Secret Keyword",
        "filename": ".github/workflows/ci.yml",
        "hashed_secret": "bf449b00b72f2c504a6027337311a3778bb1f2eb",
        "is_verified": false,
        "line_number": 48
      }
    ],
    ".gitleaks.toml": [
      {
        "type": "Secret Keyword",
        "filename": ".gitleaks.toml",
        "hashed_secret": "eed745371e6e5d0f2e2547185fdffeb8416750df",
        "is_verified": false,
        "line_number": 38
      }
    ],
    "integrations/ableton/installation.json": [
      {
        "type": "Hex High Entropy String",
        "filename": "integrations/ableton/installation.json",
        "hashed_secret": "53fe23dccdec72872a5f9b8e5e7da719e52050cf",
        "is_verified": false,
        "line_number": 8
      },
      {
        "type": "Hex High Entropy String",
        "filename": "integrations/ableton/installation.json",
        "hashed_secret": "008642ce80506b4a0a55567632609c29c4699ca1",
        "is_verified": false,
        "line_number": 9
      },
      {
        "type": "Hex High Entropy String",
        "filename": "integrations/ableton/installation.json",
        "hashed_secret": "5155a46c3a402c1562a41867aff9388cac098140",
        "is_verified": false,
        "line_number": 10
      }
    ],
    "integrations/blender/installation.json": [
      {
        "type": "Hex High Entropy String",
        "filename": "integrations/blender/installation.json",
        "hashed_secret": "e34e131e1cc508bbab5bfedf58c50ff7f93d8cde",
        "is_verified": false,
        "line_number": 4
      },
      {
        "type": "Hex High Entropy String",
        "filename": "integrations/blender/installation.json",
        "hashed_secret": "79d9f67373519d855dcb3b3fb71f196bb7023d5f",
        "is_verified": false,
        "line_number": 6
      },
      {
        "type": "Hex High Entropy String",
        "filename": "integrations/blender/installation.json",
        "hashed_secret": "72000af5173ac6401201688ce058fba9359ef806",
        "is_verified": false,
        "line_number": 8
      },
      {
        "type": "Hex High Entropy String",
        "filename": "integrations/blender/installation.json",
        "hashed_secret": "5301282a3ec26104e1f49ea646e1c14fadb762c1",
        "is_verified": false,
        "line_number": 9
      },
      {
        "type": "Hex High Entropy String",
        "filename": "integrations/blender/installation.json",
        "hashed_secret": "2806d93ebf87eaa6d33b70ae87d8b9634d28903e",
        "is_verified": false,
        "line_number": 10
      },
      {
        "type": "Hex High Entropy String",
        "filename": "integrations/blender/installation.json",
        "hashed_secret": "5d4d9ff13329b834e10fbf62bfcfd7dae13a6fb0",
        "is_verified": false,
        "line_number": 11
      },
      {
        "type": "Hex High Entropy String",
        "filename": "integrations/blender/installation.json",
        "hashed_secret": "9fad47928a68d6dae51e3ffd7d0ce111b1c51217",
        "is_verified": false,
        "line_number": 12
      },
      {
        "type": "Hex High Entropy String",
        "filename": "integrations/blender/installation.json",
        "hashed_secret": "b549614eeef24090de5c9d4694530e02ad1c7970",
        "is_verified": false,
        "line_number": 13
      },
      {
        "type": "Hex High Entropy String",
        "filename": "integrations/blender/installation.json",
        "hashed_secret": "4b0a6ba5f5ef9ce1cb488d4c59b4542e09991bb7",
        "is_verified": false,
        "line_number": 14
      },
      {
        "type": "Hex High Entropy String",
        "filename": "integrations/blender/installation.json",
        "hashed_secret": "9e66e8bb3be9e32eb43836cef6336b0aeecf92ce",
        "is_verified": false,
        "line_number": 15
      },
      {
        "type": "Hex High Entropy String",
        "filename": "integrations/blender/installation.json",
        "hashed_secret": "22f85dee1fd527d1235338ab275156028b3c9634",
        "is_verified": false,
        "line_number": 16
      },
      {
        "type": "Hex High Entropy String",
        "filename": "integrations/blender/installation.json",
        "hashed_secret": "d247412fc33cc4c0418e0f3d8e09c61059f1a994",
        "is_verified": false,
        "line_number": 20
      },
      {
        "type": "Hex High Entropy String",
        "filename": "integrations/blender/installation.json",
        "hashed_secret": "b55d89c1d90f2067f46041e42dd726b45c8a732d",
        "is_verified": false,
        "line_number": 21
      },
      {
        "type": "Hex High Entropy String",
        "filename": "integrations/blender/installation.json",
        "hashed_secret": "3af484ba2a552a4f9a6bd783e82560d7766b3d07",
        "is_verified": false,
        "line_number": 27
      }
    ],
    "integrations/librarybrain/import-report.json": [
      {
        "type": "Hex High Entropy String",
        "filename": "integrations/librarybrain/import-report.json",
        "hashed_secret": "572de92e5b882c787d684e5b19c27e27c50713e6",
        "is_verified": false,
        "line_number": 7
      },
      {
        "type": "Hex High Entropy String",
        "filename": "integrations/librarybrain/import-report.json",
        "hashed_secret": "1844db52d074bb61c6bee44d4c93cd67c3cb177f",
        "is_verified": false,
        "line_number": 8
      },
      {
        "type": "Hex High Entropy String",
        "filename": "integrations/librarybrain/import-report.json",
        "hashed_secret": "84abf9fe594b1b733ca56e303fd958edb08bba14",
        "is_verified": false,
        "line_number": 13
      },
      {
        "type": "Hex High Entropy String",
        "filename": "integrations/librarybrain/import-report.json",
        "hashed_secret": "dc2deb3a210405c9e72c89e71059b352f90c72cf",
        "is_verified": false,
        "line_number": 14
      },
      {
        "type": "Hex High Entropy String",
        "filename": "integrations/librarybrain/import-report.json",
        "hashed_secret": "40d614a9af93c8e287c78fbf357eb2f98f3b1afd",
        "is_verified": false,
        "line_number": 19
      },
      {
        "type": "Hex High Entropy String",
        "filename": "integrations/librarybrain/import-report.json",
        "hashed_secret": "543ed46ee2c461a48cc05d09bf838e6f843febc4",
        "is_verified": false,
        "line_number": 20
      },
      {
        "type": "Hex High Entropy String",
        "filename": "integrations/librarybrain/import-report.json",
        "hashed_secret": "a54b78b4dd041be454d7fe3ef60d095ad5169d3a",
        "is_verified": false,
        "line_number": 25
      },
      {
        "type": "Hex High Entropy String",
        "filename": "integrations/librarybrain/import-report.json",
        "hashed_secret": "8d4cfdb54367eaa23c605383ecda27e2ee1d22a0",
        "is_verified": false,
        "line_number": 26
      },
      {
        "type": "Hex High Entropy String",
        "filename": "integrations/librarybrain/import-report.json",
        "hashed_secret": "a0518d23393d7c99c2f784f367eb6dcb0697ea92",
        "is_verified": false,
        "line_number": 31
      },
      {
        "type": "Hex High Entropy String",
        "filename": "integrations/librarybrain/import-report.json",
        "hashed_secret": "528315256510a841965245c24f08ceff48e033e5",
        "is_verified": false,
        "line_number": 32
      },
      {
        "type": "Hex High Entropy String",
        "filename": "integrations/librarybrain/import-report.json",
        "hashed_secret": "60964cc11571c8a7e8d00edbd09b41386422b54e",
        "is_verified": false,
        "line_number": 37
      },
      {
        "type": "Hex High Entropy String",
        "filename": "integrations/librarybrain/import-report.json",
        "hashed_secret": "723471f7dbcf1872802e6fad15989b48eb3fbb6d",
        "is_verified": false,
        "line_number": 38
      }
    ],
    "integrations/librarybrain/librarybrain-blender/klody-skill.json": [
      {
        "type": "Hex High Entropy String",
        "filename": "integrations/librarybrain/librarybrain-blender/klody-skill.json",
        "hashed_secret": "60964cc11571c8a7e8d00edbd09b41386422b54e",
        "is_verified": false,
        "line_number": 9
      },
      {
        "type": "Hex High Entropy String",
        "filename": "integrations/librarybrain/librarybrain-blender/klody-skill.json",
        "hashed_secret": "723471f7dbcf1872802e6fad15989b48eb3fbb6d",
        "is_verified": false,
        "line_number": 10
      }
    ],
    "integrations/librarybrain/librarybrain-blender/references/provenance.json": [
      {
        "type": "Hex High Entropy String",
        "filename": "integrations/librarybrain/librarybrain-blender/references/provenance.json",
        "hashed_secret": "b389fed7368f3f531471961de83ef39dc2a5f687",
        "is_verified": false,
        "line_number": 16
      },
      {
        "type": "Hex High Entropy String",
        "filename": "integrations/librarybrain/librarybrain-blender/references/provenance.json",
        "hashed_secret": "f0daa5f3567a507148477311fe0c72618549157a",
        "is_verified": false,
        "line_number": 18
      },
      {
        "type": "Hex High Entropy String",
        "filename": "integrations/librarybrain/librarybrain-blender/references/provenance.json",
        "hashed_secret": "a363aed91931b3173e47bb9a7f29c90652a23355",
        "is_verified": false,
        "line_number": 37
      },
      {
        "type": "Hex High Entropy String",
        "filename": "integrations/librarybrain/librarybrain-blender/references/provenance.json",
        "hashed_secret": "abba1c07f1279a6993fa1bd2260eee447d992a15",
        "is_verified": false,
        "line_number": 39
      },
      {
        "type": "Hex High Entropy String",
        "filename": "integrations/librarybrain/librarybrain-blender/references/provenance.json",
        "hashed_secret": "e386fdf3e6fe810369261fb1456924c1c2d09b4a",
        "is_verified": false,
        "line_number": 63
      },
      {
        "type": "Hex High Entropy String",
        "filename": "integrations/librarybrain/librarybrain-blender/references/provenance.json",
        "hashed_secret": "0c031420e81c242551a0f7b200ef43bb91f101b8",
        "is_verified": false,
        "line_number": 65
      },
      {
        "type": "Hex High Entropy String",
        "filename": "integrations/librarybrain/librarybrain-blender/references/provenance.json",
        "hashed_secret": "46dc5c722822bbdcfa67c5277488591a7d7d4703",
        "is_verified": false,
        "line_number": 86
      },
      {
        "type": "Hex High Entropy String",
        "filename": "integrations/librarybrain/librarybrain-blender/references/provenance.json",
        "hashed_secret": "7d4e2d174a9f8b195cc932de1da24c15a062feb0",
        "is_verified": false,
        "line_number": 88
      },
      {
        "type": "Hex High Entropy String",
        "filename": "integrations/librarybrain/librarybrain-blender/references/provenance.json",
        "hashed_secret": "bf3f87b631f5ab18cd2f423e097b8d8ee6b2102a",
        "is_verified": false,
        "line_number": 104
      },
      {
        "type": "Hex High Entropy String",
        "filename": "integrations/librarybrain/librarybrain-blender/references/provenance.json",
        "hashed_secret": "07f40e500ce75c961c3e9671a98d3cec11e1b4ec",
        "is_verified": false,
        "line_number": 106
      },
      {
        "type": "Hex High Entropy String",
        "filename": "integrations/librarybrain/librarybrain-blender/references/provenance.json",
        "hashed_secret": "6b9cb6058e1930259649923c3f80c3987bde2e77",
        "is_verified": false,
        "line_number": 119
      },
      {
        "type": "Hex High Entropy String",
        "filename": "integrations/librarybrain/librarybrain-blender/references/provenance.json",
        "hashed_secret": "096be22d53d4ef52a4393f7993bf1aa018d6be30",
        "is_verified": false,
        "line_number": 121
      },
      {
        "type": "Hex High Entropy String",
        "filename": "integrations/librarybrain/librarybrain-blender/references/provenance.json",
        "hashed_secret": "1b21ca99f5827dc980599bad7fcd067b2494e80e",
        "is_verified": false,
        "line_number": 135
      },
      {
        "type": "Hex High Entropy String",
        "filename": "integrations/librarybrain/librarybrain-blender/references/provenance.json",
        "hashed_secret": "06153dae9f8e1774f59735db69d25fe5c919f2c0",
        "is_verified": false,
        "line_number": 137
      },
      {
        "type": "Hex High Entropy String",
        "filename": "integrations/librarybrain/librarybrain-blender/references/provenance.json",
        "hashed_secret": "6f8fe7f5303069fd989e67908ce57a4b0ec90b2a",
        "is_verified": false,
        "line_number": 149
      },
      {
        "type": "Hex High Entropy String",
        "filename": "integrations/librarybrain/librarybrain-blender/references/provenance.json",
        "hashed_secret": "e16f4482cf269c3c2bafa7e84df3a87476ccf3a4",
        "is_verified": false,
        "line_number": 151
      },
      {
        "type": "Hex High Entropy String",
        "filename": "integrations/librarybrain/librarybrain-blender/references/provenance.json",
        "hashed_secret": "7b1a312ddc991151334fc6792c2aec6c0bd3e0f1",
        "is_verified": false,
        "line_number": 163
      },
      {
        "type": "Hex High Entropy String",
        "filename": "integrations/librarybrain/librarybrain-blender/references/provenance.json",
        "hashed_secret": "33e8792ac03edabb6e4d5bc8145f3dd6a945b981",
        "is_verified": false,
        "line_number": 165
      },
      {
        "type": "Hex High Entropy String",
        "filename": "integrations/librarybrain/librarybrain-blender/references/provenance.json",
        "hashed_secret": "b6e795e6de7dcc2f438e90770076e1496730b8a1",
        "is_verified": false,
        "line_number": 177
      },
      {
        "type": "Hex High Entropy String",
        "filename": "integrations/librarybrain/librarybrain-blender/references/provenance.json",
        "hashed_secret": "1d229c606da8459380cf7171dfdb58f8b92b88af",
        "is_verified": false,
        "line_number": 179
      },
      {
        "type": "Hex High Entropy String",
        "filename": "integrations/librarybrain/librarybrain-blender/references/provenance.json",
        "hashed_secret": "1b6ef238e1c26da59db05207cd4dddd22f5819d1",
        "is_verified": false,
        "line_number": 191
      },
      {
        "type": "Hex High Entropy String",
        "filename": "integrations/librarybrain/librarybrain-blender/references/provenance.json",
        "hashed_secret": "764a8ed6debec0b5ab2017e68acb92f784bd63b0",
        "is_verified": false,
        "line_number": 193
      },
      {
        "type": "Hex High Entropy String",
        "filename": "integrations/librarybrain/librarybrain-blender/references/provenance.json",
        "hashed_secret": "6d256a813e4f7e1afdfd1e55e004998fcc5985b8",
        "is_verified": false,
        "line_number": 590
      },
      {
        "type": "Hex High Entropy String",
        "filename": "integrations/librarybrain/librarybrain-blender/references/provenance.json",
        "hashed_secret": "4e5260b1dc4ba64a634b1b1c3757ef263fae350f",
        "is_verified": false,
        "line_number": 599
      },
      {
        "type": "Hex High Entropy String",
        "filename": "integrations/librarybrain/librarybrain-blender/references/provenance.json",
        "hashed_secret": "2aa89032eb64bba735d934b6641c5456a3125175",
        "is_verified": false,
        "line_number": 608
      },
      {
        "type": "Hex High Entropy String",
        "filename": "integrations/librarybrain/librarybrain-blender/references/provenance.json",
        "hashed_secret": "eafcbfc20daf9301bfd5c1ee12dbf2d4f04f4c2f",
        "is_verified": false,
        "line_number": 617
      },
      {
        "type": "Hex High Entropy String",
        "filename": "integrations/librarybrain/librarybrain-blender/references/provenance.json",
        "hashed_secret": "26dbd8ffc1184607a456170c4629c74cba80a4a4",
        "is_verified": false,
        "line_number": 626
      },
      {
        "type": "Hex High Entropy String",
        "filename": "integrations/librarybrain/librarybrain-blender/references/provenance.json",
        "hashed_secret": "225ab04b798e1b590dacf79ddcfbc5c2360a835f",
        "is_verified": false,
        "line_number": 635
      },
      {
        "type": "Hex High Entropy String",
        "filename": "integrations/librarybrain/librarybrain-blender/references/provenance.json",
        "hashed_secret": "c5dad6c64c6bf0c06d40abea785e99e9155bc2b9",
        "is_verified": false,
        "line_number": 644
      },
      {
        "type": "Hex High Entropy String",
        "filename": "integrations/librarybrain/librarybrain-blender/references/provenance.json",
        "hashed_secret": "075db724e2c5f5b049059af6ee46469fdbb8024c",
        "is_verified": false,
        "line_number": 653
      },
      {
        "type": "Hex High Entropy String",
        "filename": "integrations/librarybrain/librarybrain-blender/references/provenance.json",
        "hashed_secret": "25f2f85d5fd75822fb304e934a5f51aa597340c0",
        "is_verified": false,
        "line_number": 662
      },
      {
        "type": "Hex High Entropy String",
        "filename": "integrations/librarybrain/librarybrain-blender/references/provenance.json",
        "hashed_secret": "e8e63d6de9eed5db3b055f81ed582f91c8db9fee",
        "is_verified": false,
        "line_number": 671
      },
      {
        "type": "Hex High Entropy String",
        "filename": "integrations/librarybrain/librarybrain-blender/references/provenance.json",
        "hashed_secret": "270d47dcbf145e25c918b2cb681e42d85c08df10",
        "is_verified": false,
        "line_number": 680
      },
      {
        "type": "Hex High Entropy String",
        "filename": "integrations/librarybrain/librarybrain-blender/references/provenance.json",
        "hashed_secret": "05ed96b042186e2bf196d1d4c269785076586148",
        "is_verified": false,
        "line_number": 689
      },
      {
        "type": "Hex High Entropy String",
        "filename": "integrations/librarybrain/librarybrain-blender/references/provenance.json",
        "hashed_secret": "0c2af99647c83a09eb86d313d7f3982cc4bc3e7f",
        "is_verified": false,
        "line_number": 698
      },
      {
        "type": "Hex High Entropy String",
        "filename": "integrations/librarybrain/librarybrain-blender/references/provenance.json",
        "hashed_secret": "9668ab7ef5a202f4dcb56f42e6c176d11508333b",
        "is_verified": false,
        "line_number": 707
      },
      {
        "type": "Hex High Entropy String",
        "filename": "integrations/librarybrain/librarybrain-blender/references/provenance.json",
        "hashed_secret": "8f546c695531633055789347f485c57e96ad1409",
        "is_verified": false,
        "line_number": 716
      },
      {
        "type": "Hex High Entropy String",
        "filename": "integrations/librarybrain/librarybrain-blender/references/provenance.json",
        "hashed_secret": "d883930fde6e517714e0dd79ee70b33340b6517a",
        "is_verified": false,
        "line_number": 725
      },
      {
        "type": "Hex High Entropy String",
        "filename": "integrations/librarybrain/librarybrain-blender/references/provenance.json",
        "hashed_secret": "7dd1d4474c06a0256b1615f06771fe91d4d00c13",
        "is_verified": false,
        "line_number": 734
      },
      {
        "type": "Hex High Entropy String",
        "filename": "integrations/librarybrain/librarybrain-blender/references/provenance.json",
        "hashed_secret": "602e84454fb486a506e86d6677d5e509a27769ee",
        "is_verified": false,
        "line_number": 743
      },
      {
        "type": "Hex High Entropy String",
        "filename": "integrations/librarybrain/librarybrain-blender/references/provenance.json",
        "hashed_secret": "8979fc3a1b79db0c671e46f5d2e47174921533c7",
        "is_verified": false,
        "line_number": 752
      },
      {
        "type": "Hex High Entropy String",
        "filename": "integrations/librarybrain/librarybrain-blender/references/provenance.json",
        "hashed_secret": "f2ca46f33a35c158bebfa783d50bf7f08bf7c45e",
        "is_verified": false,
        "line_number": 761
      },
      {
        "type": "Hex High Entropy String",
        "filename": "integrations/librarybrain/librarybrain-blender/references/provenance.json",
        "hashed_secret": "67a7e3f5897d4a18f83e7dc51b24cd8a4262dbbf",
        "is_verified": false,
        "line_number": 770
      },
      {
        "type": "Hex High Entropy String",
        "filename": "integrations/librarybrain/librarybrain-blender/references/provenance.json",
        "hashed_secret": "29549ec1ae0e2adf090db6f1ff154bb8b7abc369",
        "is_verified": false,
        "line_number": 779
      },
      {
        "type": "Hex High Entropy String",
        "filename": "integrations/librarybrain/librarybrain-blender/references/provenance.json",
        "hashed_secret": "94945a2ef45c1721d78c201df348dc7bb9fae205",
        "is_verified": false,
        "line_number": 788
      },
      {
        "type": "Hex High Entropy String",
        "filename": "integrations/librarybrain/librarybrain-blender/references/provenance.json",
        "hashed_secret": "a4aaf3532219778d431ced494d0baed38eb494db",
        "is_verified": false,
        "line_number": 797
      },
      {
        "type": "Hex High Entropy String",
        "filename": "integrations/librarybrain/librarybrain-blender/references/provenance.json",
        "hashed_secret": "55438a8b4e0671d2887c2be27edb6b34fcb00308",
        "is_verified": false,
        "line_number": 806
      },
      {
        "type": "Hex High Entropy String",
        "filename": "integrations/librarybrain/librarybrain-blender/references/provenance.json",
        "hashed_secret": "723b03f254d1b5e374ab96a2e8028ffd6cba69ad",
        "is_verified": false,
        "line_number": 815
      },
      {
        "type": "Hex High Entropy String",
        "filename": "integrations/librarybrain/librarybrain-blender/references/provenance.json",
        "hashed_secret": "ed84480a0b3f53cd5fe60177b60c3a3c6d32d88a",
        "is_verified": false,
        "line_number": 824
      },
      {
        "type": "Hex High Entropy String",
        "filename": "integrations/librarybrain/librarybrain-blender/references/provenance.json",
        "hashed_secret": "c4fdc1a313a6a0c5453c2b8cf0ca5c93939a61ef",
        "is_verified": false,
        "line_number": 833
      },
      {
        "type": "Hex High Entropy String",
        "filename": "integrations/librarybrain/librarybrain-blender/references/provenance.json",
        "hashed_secret": "cc113152dd32ac9d969d61ac3fbe5988f37939c0",
        "is_verified": false,
        "line_number": 842
      },
      {
        "type": "Hex High Entropy String",
        "filename": "integrations/librarybrain/librarybrain-blender/references/provenance.json",
        "hashed_secret": "e378e5ab4353d1fc79d2a54f9ed514830530f9aa",
        "is_verified": false,
        "line_number": 851
      },
      {
        "type": "Hex High Entropy String",
        "filename": "integrations/librarybrain/librarybrain-blender/references/provenance.json",
        "hashed_secret": "8bc72c9264368096ec5f991e38988b2d86b832dc",
        "is_verified": false,
        "line_number": 860
      },
      {
        "type": "Hex High Entropy String",
        "filename": "integrations/librarybrain/librarybrain-blender/references/provenance.json",
        "hashed_secret": "7fe30eabd25d37d8c3d5d44c5c2d0179c674959b",
        "is_verified": false,
        "line_number": 869
      },
      {
        "type": "Hex High Entropy String",
        "filename": "integrations/librarybrain/librarybrain-blender/references/provenance.json",
        "hashed_secret": "5bcb5bbc2b79f7d3d2716181acb9713ba00e2f98",
        "is_verified": false,
        "line_number": 878
      },
      {
        "type": "Hex High Entropy String",
        "filename": "integrations/librarybrain/librarybrain-blender/references/provenance.json",
        "hashed_secret": "4c38dc53e627f88b09f6caeaeb1b71fa9d5c99ec",
        "is_verified": false,
        "line_number": 887
      },
      {
        "type": "Hex High Entropy String",
        "filename": "integrations/librarybrain/librarybrain-blender/references/provenance.json",
        "hashed_secret": "de4e476530001acdb25b7b2df59b775df844806d",
        "is_verified": false,
        "line_number": 896
      },
      {
        "type": "Hex High Entropy String",
        "filename": "integrations/librarybrain/librarybrain-blender/references/provenance.json",
        "hashed_secret": "5820a48588c0571b45cd0243ec01fd261fa0b15a",
        "is_verified": false,
        "line_number": 905
      },
      {
        "type": "Hex High Entropy String",
        "filename": "integrations/librarybrain/librarybrain-blender/references/provenance.json",
        "hashed_secret": "e771d783558c9b459c2f3347eed458acd7130272",
        "is_verified": false,
        "line_number": 914
      },
      {
        "type": "Hex High Entropy String",
        "filename": "integrations/librarybrain/librarybrain-blender/references/provenance.json",
        "hashed_secret": "17c044fa61595a962103426561a74d7dc1c50236",
        "is_verified": false,
        "line_number": 923
      },
      {
        "type": "Hex High Entropy String",
        "filename": "integrations/librarybrain/librarybrain-blender/references/provenance.json",
        "hashed_secret": "d28814d650d3070855548e10fcea14937a963b39",
        "is_verified": false,
        "line_number": 932
      },
      {
        "type": "Hex High Entropy String",
        "filename": "integrations/librarybrain/librarybrain-blender/references/provenance.json",
        "hashed_secret": "3084222e81cfbbda6204b6e1dd4318b7d16ae541",
        "is_verified": false,
        "line_number": 941
      },
      {
        "type": "Hex High Entropy String",
        "filename": "integrations/librarybrain/librarybrain-blender/references/provenance.json",
        "hashed_secret": "a3daf74b8ae2bda4e7dbf6f078ea4dfd37b29b8f",
        "is_verified": false,
        "line_number": 950
      },
      {
        "type": "Hex High Entropy String",
        "filename": "integrations/librarybrain/librarybrain-blender/references/provenance.json",
        "hashed_secret": "a7465b188c2c5c82304c833f377d65069855c503",
        "is_verified": false,
        "line_number": 959
      },
      {
        "type": "Hex High Entropy String",
        "filename": "integrations/librarybrain/librarybrain-blender/references/provenance.json",
        "hashed_secret": "b14183025d68b77c09ab57ed754091b0a71d0579",
        "is_verified": false,
        "line_number": 968
      },
      {
        "type": "Hex High Entropy String",
        "filename": "integrations/librarybrain/librarybrain-blender/references/provenance.json",
        "hashed_secret": "d7464feb194e33002bb836103f6231c1e226c6c1",
        "is_verified": false,
        "line_number": 977
      },
      {
        "type": "Hex High Entropy String",
        "filename": "integrations/librarybrain/librarybrain-blender/references/provenance.json",
        "hashed_secret": "25cac329481297e3012bf24e03076163f716228c",
        "is_verified": false,
        "line_number": 986
      },
      {
        "type": "Hex High Entropy String",
        "filename": "integrations/librarybrain/librarybrain-blender/references/provenance.json",
        "hashed_secret": "102c29693850c013e85b506bd3c854198ad05dbc",
        "is_verified": false,
        "line_number": 995
      },
      {
        "type": "Hex High Entropy String",
        "filename": "integrations/librarybrain/librarybrain-blender/references/provenance.json",
        "hashed_secret": "4711a521c9ce0f093afb5a49655c6db41542b224",
        "is_verified": false,
        "line_number": 1004
      },
      {
        "type": "Hex High Entropy String",
        "filename": "integrations/librarybrain/librarybrain-blender/references/provenance.json",
        "hashed_secret": "6c6c958b7e3ee362268c14a888f8d275bf86443a",
        "is_verified": false,
        "line_number": 1013
      },
      {
        "type": "Hex High Entropy String",
        "filename": "integrations/librarybrain/librarybrain-blender/references/provenance.json",
        "hashed_secret": "ecd6954763ab542a66ce86b40d8b6ff54ce69e35",
        "is_verified": false,
        "line_number": 1022
      },
      {
        "type": "Hex High Entropy String",
        "filename": "integrations/librarybrain/librarybrain-blender/references/provenance.json",
        "hashed_secret": "41dcf831b80aeb7ae97fd93b0be136f74d7f7194",
        "is_verified": false,
        "line_number": 1031
      },
      {
        "type": "Hex High Entropy String",
        "filename": "integrations/librarybrain/librarybrain-blender/references/provenance.json",
        "hashed_secret": "27ad8b2b16e800e2a8f982f3df6bbabbf992e194",
        "is_verified": false,
        "line_number": 1040
      },
      {
        "type": "Hex High Entropy String",
        "filename": "integrations/librarybrain/librarybrain-blender/references/provenance.json",
        "hashed_secret": "8134f372a2a13fb72e70bc7270db4bba1eea8aec",
        "is_verified": false,
        "line_number": 1049
      },
      {
        "type": "Hex High Entropy String",
        "filename": "integrations/librarybrain/librarybrain-blender/references/provenance.json",
        "hashed_secret": "6213b542b4d6a7b916dee003c693a478a87125ce",
        "is_verified": false,
        "line_number": 1058
      },
      {
        "type": "Hex High Entropy String",
        "filename": "integrations/librarybrain/librarybrain-blender/references/provenance.json",
        "hashed_secret": "9945e19570cbbba6d8ebf2b736b5ff1a9e47b0d9",
        "is_verified": false,
        "line_number": 1067
      },
      {
        "type": "Hex High Entropy String",
        "filename": "integrations/librarybrain/librarybrain-blender/references/provenance.json",
        "hashed_secret": "ae49cd42345be7f87cc6c4d2fab4db02c92e99dc",
        "is_verified": false,
        "line_number": 1076
      },
      {
        "type": "Hex High Entropy String",
        "filename": "integrations/librarybrain/librarybrain-blender/references/provenance.json",
        "hashed_secret": "c094bece28bdc0d71dccf7256e38a301580c7aa3",
        "is_verified": false,
        "line_number": 1085
      },
      {
        "type": "Hex High Entropy String",
        "filename": "integrations/librarybrain/librarybrain-blender/references/provenance.json",
        "hashed_secret": "21337b78e643a63384c865618e891ad446a1165e",
        "is_verified": false,
        "line_number": 1094
      },
      {
        "type": "Hex High Entropy String",
        "filename": "integrations/librarybrain/librarybrain-blender/references/provenance.json",
        "hashed_secret": "c053930c62a25222da990775310c21049d8323ea",
        "is_verified": false,
        "line_number": 1103
      },
      {
        "type": "Hex High Entropy String",
        "filename": "integrations/librarybrain/librarybrain-blender/references/provenance.json",
        "hashed_secret": "ada29e026496018900375fcb0a056c56fece90e5",
        "is_verified": false,
        "line_number": 1112
      },
      {
        "type": "Hex High Entropy String",
        "filename": "integrations/librarybrain/librarybrain-blender/references/provenance.json",
        "hashed_secret": "1fb9af4b429dcd384d8e5b80826e41d690bd3b5a",
        "is_verified": false,
        "line_number": 1121
      },
      {
        "type": "Hex High Entropy String",
        "filename": "integrations/librarybrain/librarybrain-blender/references/provenance.json",
        "hashed_secret": "b101062249cf2d613eee963136c2df1d0063aa98",
        "is_verified": false,
        "line_number": 1130
      },
      {
        "type": "Hex High Entropy String",
        "filename": "integrations/librarybrain/librarybrain-blender/references/provenance.json",
        "hashed_secret": "7788f68a7b80acb17bb7c7a031a4da11a8244cc4",
        "is_verified": false,
        "line_number": 1139
      },
      {
        "type": "Hex High Entropy String",
        "filename": "integrations/librarybrain/librarybrain-blender/references/provenance.json",
        "hashed_secret": "2bd7e4d4f194e47774b2e807aed7ad09ccd0b14d",
        "is_verified": false,
        "line_number": 1148
      },
      {
        "type": "Hex High Entropy String",
        "filename": "integrations/librarybrain/librarybrain-blender/references/provenance.json",
        "hashed_secret": "df3f20a58cb6bba4742e7661b92650a3a4bb4ee1",
        "is_verified": false,
        "line_number": 1157
      },
      {
        "type": "Hex High Entropy String",
        "filename": "integrations/librarybrain/librarybrain-blender/references/provenance.json",
        "hashed_secret": "151de4d66cb1ee708cda5f9ca0173c815cc991d1",
        "is_verified": false,
        "line_number": 1166
      },
      {
        "type": "Hex High Entropy String",
        "filename": "integrations/librarybrain/librarybrain-blender/references/provenance.json",
        "hashed_secret": "3c06da1bd2fb62d4b4250c89baed1f9e34f977b0",
        "is_verified": false,
        "line_number": 1175
      },
      {
        "type": "Hex High Entropy String",
        "filename": "integrations/librarybrain/librarybrain-blender/references/provenance.json",
        "hashed_secret": "4968685e46e48751b7aeca43093102341671b412",
        "is_verified": false,
        "line_number": 1184
      },
      {
        "type": "Hex High Entropy String",
        "filename": "integrations/librarybrain/librarybrain-blender/references/provenance.json",
        "hashed_secret": "762fab27d8acff8bf33d92c7573c30bdb61b6793",
        "is_verified": false,
        "line_number": 1193
      },
      {
        "type": "Hex High Entropy String",
        "filename": "integrations/librarybrain/librarybrain-blender/references/provenance.json",
        "hashed_secret": "3a57437a72204471061ac7c004ae228c48efc2e1",
        "is_verified": false,
        "line_number": 1202
      },
      {
        "type": "Hex High Entropy String",
        "filename": "integrations/librarybrain/librarybrain-blender/references/provenance.json",
        "hashed_secret": "7b077486f72e1e2413965cd06ec76587d13a917f",
        "is_verified": false,
        "line_number": 1211
      },
      {
        "type": "Hex High Entropy String",
        "filename": "integrations/librarybrain/librarybrain-blender/references/provenance.json",
        "hashed_secret": "53a444fb020a55679b7f154eec766fb89e42e7c4",
        "is_verified": false,
        "line_number": 1220
      },
      {
        "type": "Hex High Entropy String",
        "filename": "integrations/librarybrain/librarybrain-blender/references/provenance.json",
        "hashed_secret": "723785c21519bcdff7b4b315e6448e5808a94957",
        "is_verified": false,
        "line_number": 1229
      },
      {
        "type": "Hex High Entropy String",
        "filename": "integrations/librarybrain/librarybrain-blender/references/provenance.json",
        "hashed_secret": "56daea73a578158f0ffc24930e1044b37dbcf438",
        "is_verified": false,
        "line_number": 1238
      },
      {
        "type": "Hex High Entropy String",
        "filename": "integrations/librarybrain/librarybrain-blender/references/provenance.json",
        "hashed_secret": "3fb58e772c13640e40045a387871d484540d6d84",
        "is_verified": false,
        "line_number": 1247
      },
      {
        "type": "Hex High Entropy String",
        "filename": "integrations/librarybrain/librarybrain-blender/references/provenance.json",
        "hashed_secret": "3e1cb00c42652e3d5b26ec837ba73f0adfa7a464",
        "is_verified": false,
        "line_number": 1256
      },
      {
        "type": "Hex High Entropy String",
        "filename": "integrations/librarybrain/librarybrain-blender/references/provenance.json",
        "hashed_secret": "72d8a8dc86ed1021e8d279f9779d452eeb088eb5",
        "is_verified": false,
        "line_number": 1265
      },
      {
        "type": "Hex High Entropy String",
        "filename": "integrations/librarybrain/librarybrain-blender/references/provenance.json",
        "hashed_secret": "4f6b1e96fc5842ccb6b50681da0857061b7487ca",
        "is_verified": false,
        "line_number": 1274
      },
      {
        "type": "Hex High Entropy String",
        "filename": "integrations/librarybrain/librarybrain-blender/references/provenance.json",
        "hashed_secret": "d0b478c1897994954e6783fda94c2b4afebfc09b",
        "is_verified": false,
        "line_number": 1283
      },
      {
        "type": "Hex High Entropy String",
        "filename": "integrations/librarybrain/librarybrain-blender/references/provenance.json",
        "hashed_secret": "229e09c89cf2927d7fce838a261f2c0fcab221ea",
        "is_verified": false,
        "line_number": 1292
      },
      {
        "type": "Hex High Entropy String",
        "filename": "integrations/librarybrain/librarybrain-blender/references/provenance.json",
        "hashed_secret": "ab107cb750fe92febfe37af11a3c9cd342020ac9",
        "is_verified": false,
        "line_number": 1301
      },
      {
        "type": "Hex High Entropy String",
        "filename": "integrations/librarybrain/librarybrain-blender/references/provenance.json",
        "hashed_secret": "ff02de8295b52aa9200e7fd80f2e1efb3fe3d8c5",
        "is_verified": false,
        "line_number": 1310
      },
      {
        "type": "Hex High Entropy String",
        "filename": "integrations/librarybrain/librarybrain-blender/references/provenance.json",
        "hashed_secret": "374e4bab86ec3e159a96a3a4dbeb457916d9c480",
        "is_verified": false,
        "line_number": 1319
      },
      {
        "type": "Hex High Entropy String",
        "filename": "integrations/librarybrain/librarybrain-blender/references/provenance.json",
        "hashed_secret": "1f0a6e58e0296e23d0372c1cb0f73c819d83906d",
        "is_verified": false,
        "line_number": 1328
      },
      {
        "type": "Hex High Entropy String",
        "filename": "integrations/librarybrain/librarybrain-blender/references/provenance.json",
        "hashed_secret": "dc2a4476dbdbeb94d610042c58b07c112c45cc9b",
        "is_verified": false,
        "line_number": 1337
      },
      {
        "type": "Hex High Entropy String",
        "filename": "integrations/librarybrain/librarybrain-blender/references/provenance.json",
        "hashed_secret": "2098291c75684b909a4f865ceb7290c3cf5b478a",
        "is_verified": false,
        "line_number": 1346
      },
      {
        "type": "Hex High Entropy String",
        "filename": "integrations/librarybrain/librarybrain-blender/references/provenance.json",
        "hashed_secret": "0f4eb06a10ca83843f714b9ba5f98a0313bf7ea3",
        "is_verified": false,
        "line_number": 1355
      },
      {
        "type": "Hex High Entropy String",
        "filename": "integrations/librarybrain/librarybrain-blender/references/provenance.json",
        "hashed_secret": "999262f6e600a14fda731f627b0a312b04396286",
        "is_verified": false,
        "line_number": 1364
      },
      {
        "type": "Hex High Entropy String",
        "filename": "integrations/librarybrain/librarybrain-blender/references/provenance.json",
        "hashed_secret": "d1a56878a654b61cdd985e5b06973fc0be92ab72",
        "is_verified": false,
        "line_number": 1373
      },
      {
        "type": "Hex High Entropy String",
        "filename": "integrations/librarybrain/librarybrain-blender/references/provenance.json",
        "hashed_secret": "a5395e176deb8c429772a7f04badd47db4d281b3",
        "is_verified": false,
        "line_number": 1382
      },
      {
        "type": "Hex High Entropy String",
        "filename": "integrations/librarybrain/librarybrain-blender/references/provenance.json",
        "hashed_secret": "34833a4a3ea8ff0f9589315aa35d80b4e286c886",
        "is_verified": false,
        "line_number": 1391
      },
      {
        "type": "Hex High Entropy String",
        "filename": "integrations/librarybrain/librarybrain-blender/references/provenance.json",
        "hashed_secret": "fc63bd47c0ddbe1c7e0d5275e0df9a1102f8a3bc",
        "is_verified": false,
        "line_number": 1400
      },
      {
        "type": "Hex High Entropy String",
        "filename": "integrations/librarybrain/librarybrain-blender/references/provenance.json",
        "hashed_secret": "006ff7b2bd1cfed544406b8eee786b453206e2a2",
        "is_verified": false,
        "line_number": 1409
      },
      {
        "type": "Hex High Entropy String",
        "filename": "integrations/librarybrain/librarybrain-blender/references/provenance.json",
        "hashed_secret": "5d3012d1506bac54fb688d6ed04ea6d78ba6f4b0",
        "is_verified": false,
        "line_number": 1418
      },
      {
        "type": "Hex High Entropy String",
        "filename": "integrations/librarybrain/librarybrain-blender/references/provenance.json",
        "hashed_secret": "5fa1fad2cf968c7758f9689872187f610d0b6ee8",
        "is_verified": false,
        "line_number": 1427
      },
      {
        "type": "Hex High Entropy String",
        "filename": "integrations/librarybrain/librarybrain-blender/references/provenance.json",
        "hashed_secret": "f0d55d4069d314d4a38b4038bbe5b18ea8ddd94a",
        "is_verified": false,
        "line_number": 1436
      },
      {
        "type": "Hex High Entropy String",
        "filename": "integrations/librarybrain/librarybrain-blender/references/provenance.json",
        "hashed_secret": "a053c0bf1c8d8d38167292fe6ea1094e6803b3fd",
        "is_verified": false,
        "line_number": 1445
      },
      {
        "type": "Hex High Entropy String",
        "filename": "integrations/librarybrain/librarybrain-blender/references/provenance.json",
        "hashed_secret": "30ec6ae4eae644e069a174e7f145f1ef02725db2",
        "is_verified": false,
        "line_number": 1454
      },
      {
        "type": "Hex High Entropy String",
        "filename": "integrations/librarybrain/librarybrain-blender/references/provenance.json",
        "hashed_secret": "72122ffed48d04e3b081d548cd1d5a482c797f06",
        "is_verified": false,
        "line_number": 1463
      },
      {
        "type": "Hex High Entropy String",
        "filename": "integrations/librarybrain/librarybrain-blender/references/provenance.json",
        "hashed_secret": "ce81088861f3db3dd42bcaa64067d86db8725478",
        "is_verified": false,
        "line_number": 1472
      },
      {
        "type": "Hex High Entropy String",
        "filename": "integrations/librarybrain/librarybrain-blender/references/provenance.json",
        "hashed_secret": "96f8dbb4bf2cda6fb8f5f3f08154d92c23c8a6ad",
        "is_verified": false,
        "line_number": 1481
      },
      {
        "type": "Hex High Entropy String",
        "filename": "integrations/librarybrain/librarybrain-blender/references/provenance.json",
        "hashed_secret": "bcda31222147dd4434067e737af8e30497aa7034",
        "is_verified": false,
        "line_number": 1490
      },
      {
        "type": "Hex High Entropy String",
        "filename": "integrations/librarybrain/librarybrain-blender/references/provenance.json",
        "hashed_secret": "1ed4708af76c1c089602eb4d49b458c85676c60a",
        "is_verified": false,
        "line_number": 1499
      },
      {
        "type": "Hex High Entropy String",
        "filename": "integrations/librarybrain/librarybrain-blender/references/provenance.json",
        "hashed_secret": "67a38f0b622ab7b73695bc5d882fcc739c4add16",
        "is_verified": false,
        "line_number": 1508
      },
      {
        "type": "Hex High Entropy String",
        "filename": "integrations/librarybrain/librarybrain-blender/references/provenance.json",
        "hashed_secret": "9a6bf508779ca7b79bc498b84e8cb90d2d4b5394",
        "is_verified": false,
        "line_number": 1517
      },
      {
        "type": "Hex High Entropy String",
        "filename": "integrations/librarybrain/librarybrain-blender/references/provenance.json",
        "hashed_secret": "795e3f4b4c1b284f4418c245c6dea165b127ebef",
        "is_verified": false,
        "line_number": 1526
      },
      {
        "type": "Hex High Entropy String",
        "filename": "integrations/librarybrain/librarybrain-blender/references/provenance.json",
        "hashed_secret": "fffc244f15729ce33e49637f1f3ded88324f31a1",
        "is_verified": false,
        "line_number": 1535
      },
      {
        "type": "Hex High Entropy String",
        "filename": "integrations/librarybrain/librarybrain-blender/references/provenance.json",
        "hashed_secret": "fdf9721565fbaaca41ffee11af2b62e645abf84d",
        "is_verified": false,
        "line_number": 1544
      },
      {
        "type": "Hex High Entropy String",
        "filename": "integrations/librarybrain/librarybrain-blender/references/provenance.json",
        "hashed_secret": "80a4762dfaf58b385279035dc9bca2a7bb34f2e6",
        "is_verified": false,
        "line_number": 1553
      },
      {
        "type": "Hex High Entropy String",
        "filename": "integrations/librarybrain/librarybrain-blender/references/provenance.json",
        "hashed_secret": "c0475f0c935f33a4f071e3f4f34923daf58a491c",
        "is_verified": false,
        "line_number": 1562
      },
      {
        "type": "Hex High Entropy String",
        "filename": "integrations/librarybrain/librarybrain-blender/references/provenance.json",
        "hashed_secret": "00cc27a449c3db46a1e45999f873523a768cc7af",
        "is_verified": false,
        "line_number": 1571
      },
      {
        "type": "Hex High Entropy String",
        "filename": "integrations/librarybrain/librarybrain-blender/references/provenance.json",
        "hashed_secret": "c9c76699fd21f432edaa853e2b23f1a604959cb3",
        "is_verified": false,
        "line_number": 1580
      },
      {
        "type": "Hex High Entropy String",
        "filename": "integrations/librarybrain/librarybrain-blender/references/provenance.json",
        "hashed_secret": "07937e1f46ad2d887f9caac3f56adea402ec4f1a",
        "is_verified": false,
        "line_number": 1589
      },
      {
        "type": "Hex High Entropy String",
        "filename": "integrations/librarybrain/librarybrain-blender/references/provenance.json",
        "hashed_secret": "07fe3e815cff53d1aecd554263ac2f5d08d34d83",
        "is_verified": false,
        "line_number": 1598
      },
      {
        "type": "Hex High Entropy String",
        "filename": "integrations/librarybrain/librarybrain-blender/references/provenance.json",
        "hashed_secret": "f794e83b4a0e38799acec6beb2bd4083b97255cd",
        "is_verified": false,
        "line_number": 1607
      },
      {
        "type": "Hex High Entropy String",
        "filename": "integrations/librarybrain/librarybrain-blender/references/provenance.json",
        "hashed_secret": "d21b427bf5ee3b0692f8c78a725b3e856813b30f",
        "is_verified": false,
        "line_number": 1616
      },
      {
        "type": "Hex High Entropy String",
        "filename": "integrations/librarybrain/librarybrain-blender/references/provenance.json",
        "hashed_secret": "a63f17e3c88f06f7377da4f9b19ca0c8b197b905",
        "is_verified": false,
        "line_number": 1625
      },
      {
        "type": "Hex High Entropy String",
        "filename": "integrations/librarybrain/librarybrain-blender/references/provenance.json",
        "hashed_secret": "c4f64d47a73739c07e857a980ccd7af4787a3e8b",
        "is_verified": false,
        "line_number": 1634
      },
      {
        "type": "Hex High Entropy String",
        "filename": "integrations/librarybrain/librarybrain-blender/references/provenance.json",
        "hashed_secret": "72de9becf26631f7c7ae9e7475771b86e1361268",
        "is_verified": false,
        "line_number": 1643
      },
      {
        "type": "Hex High Entropy String",
        "filename": "integrations/librarybrain/librarybrain-blender/references/provenance.json",
        "hashed_secret": "f12ef149d0ef5f1eb11fb891b0b3b5fcc9ad20fa",
        "is_verified": false,
        "line_number": 1652
      },
      {
        "type": "Hex High Entropy String",
        "filename": "integrations/librarybrain/librarybrain-blender/references/provenance.json",
        "hashed_secret": "d63407c8c4c5a945d7bd2578235b5b5bb4858356",
        "is_verified": false,
        "line_number": 1661
      },
      {
        "type": "Hex High Entropy String",
        "filename": "integrations/librarybrain/librarybrain-blender/references/provenance.json",
        "hashed_secret": "1d7d179a68745aa7a38d8531520f3930527abc0f",
        "is_verified": false,
        "line_number": 1670
      },
      {
        "type": "Hex High Entropy String",
        "filename": "integrations/librarybrain/librarybrain-blender/references/provenance.json",
        "hashed_secret": "04b87cbf475b1df7548f01e780c21e4678c24129",
        "is_verified": false,
        "line_number": 1679
      },
      {
        "type": "Hex High Entropy String",
        "filename": "integrations/librarybrain/librarybrain-blender/references/provenance.json",
        "hashed_secret": "fdcee7b7c1f629f7699527d619e1c1ec1952a8b6",
        "is_verified": false,
        "line_number": 1688
      },
      {
        "type": "Hex High Entropy String",
        "filename": "integrations/librarybrain/librarybrain-blender/references/provenance.json",
        "hashed_secret": "310cd0479c4ef11eae56e939b85a75347205ca75",
        "is_verified": false,
        "line_number": 1697
      },
      {
        "type": "Hex High Entropy String",
        "filename": "integrations/librarybrain/librarybrain-blender/references/provenance.json",
        "hashed_secret": "6eee5df835496083fc3221e97d44ed2380504280",
        "is_verified": false,
        "line_number": 1706
      },
      {
        "type": "Hex High Entropy String",
        "filename": "integrations/librarybrain/librarybrain-blender/references/provenance.json",
        "hashed_secret": "c669553415cad473ca2372a8885cc4601e719d0b",
        "is_verified": false,
        "line_number": 1715
      },
      {
        "type": "Hex High Entropy String",
        "filename": "integrations/librarybrain/librarybrain-blender/references/provenance.json",
        "hashed_secret": "51072a527ab79aa82ec492a0c65ea2804e4915df",
        "is_verified": false,
        "line_number": 1724
      },
      {
        "type": "Hex High Entropy String",
        "filename": "integrations/librarybrain/librarybrain-blender/references/provenance.json",
        "hashed_secret": "b53c99ed364ad4e15efaf575a7b8425d2f6575ff",
        "is_verified": false,
        "line_number": 1733
      },
      {
        "type": "Hex High Entropy String",
        "filename": "integrations/librarybrain/librarybrain-blender/references/provenance.json",
        "hashed_secret": "76ec82a0647efd8e74a31703d53adf439e279732",
        "is_verified": false,
        "line_number": 1742
      },
      {
        "type": "Hex High Entropy String",
        "filename": "integrations/librarybrain/librarybrain-blender/references/provenance.json",
        "hashed_secret": "6f74e7d73cd72313048a1d64e3438df7ac9859ad",
        "is_verified": false,
        "line_number": 1751
      },
      {
        "type": "Hex High Entropy String",
        "filename": "integrations/librarybrain/librarybrain-blender/references/provenance.json",
        "hashed_secret": "6dc0110b4e494fac2ff9b6b94b8cf3ee269e9763",
        "is_verified": false,
        "line_number": 1760
      },
      {
        "type": "Hex High Entropy String",
        "filename": "integrations/librarybrain/librarybrain-blender/references/provenance.json",
        "hashed_secret": "3a195a9c4ed7f501409044529506e4238a146ca8",
        "is_verified": false,
        "line_number": 1769
      },
      {
        "type": "Hex High Entropy String",
        "filename": "integrations/librarybrain/librarybrain-blender/references/provenance.json",
        "hashed_secret": "a0fdc8b09cd1c7640afd91caf91aabca76509077",
        "is_verified": false,
        "line_number": 1778
      },
      {
        "type": "Hex High Entropy String",
        "filename": "integrations/librarybrain/librarybrain-blender/references/provenance.json",
        "hashed_secret": "ec876a2504e704a75cadd7666db2900a1f0920bf",
        "is_verified": false,
        "line_number": 1787
      },
      {
        "type": "Hex High Entropy String",
        "filename": "integrations/librarybrain/librarybrain-blender/references/provenance.json",
        "hashed_secret": "479fa9584780a5c4ce22a5315c6b86f5956fbf41",
        "is_verified": false,
        "line_number": 1796
      },
      {
        "type": "Hex High Entropy String",
        "filename": "integrations/librarybrain/librarybrain-blender/references/provenance.json",
        "hashed_secret": "48fc437c9e0953ec09937e98e523c4f3509fb8fd",
        "is_verified": false,
        "line_number": 1805
      },
      {
        "type": "Hex High Entropy String",
        "filename": "integrations/librarybrain/librarybrain-blender/references/provenance.json",
        "hashed_secret": "f059f1638a2be608ef6b72bcf70d97698e3d3259",
        "is_verified": false,
        "line_number": 1814
      },
      {
        "type": "Hex High Entropy String",
        "filename": "integrations/librarybrain/librarybrain-blender/references/provenance.json",
        "hashed_secret": "b7c40bf61e0740944e9f55a23b9732b818f36ee6",
        "is_verified": false,
        "line_number": 1823
      },
      {
        "type": "Hex High Entropy String",
        "filename": "integrations/librarybrain/librarybrain-blender/references/provenance.json",
        "hashed_secret": "3944bf9491c50565c6a847a7990b16a38e3f5dfc",
        "is_verified": false,
        "line_number": 1832
      },
      {
        "type": "Hex High Entropy String",
        "filename": "integrations/librarybrain/librarybrain-blender/references/provenance.json",
        "hashed_secret": "04805f5663409cb639b332c0f22abf7b869f5d35",
        "is_verified": false,
        "line_number": 1841
      },
      {
        "type": "Hex High Entropy String",
        "filename": "integrations/librarybrain/librarybrain-blender/references/provenance.json",
        "hashed_secret": "2842ac8788b959f9b565cabfabaebb13d69f7515",
        "is_verified": false,
        "line_number": 1850
      },
      {
        "type": "Hex High Entropy String",
        "filename": "integrations/librarybrain/librarybrain-blender/references/provenance.json",
        "hashed_secret": "a2c6624a79a7f9539195cab50685d1a8fbb4ce9e",
        "is_verified": false,
        "line_number": 1859
      },
      {
        "type": "Hex High Entropy String",
        "filename": "integrations/librarybrain/librarybrain-blender/references/provenance.json",
        "hashed_secret": "59fbb5cb53f84c957bd1d3eaefb513cfd6bdd2c3",
        "is_verified": false,
        "line_number": 1868
      },
      {
        "type": "Hex High Entropy String",
        "filename": "integrations/librarybrain/librarybrain-blender/references/provenance.json",
        "hashed_secret": "3179c4e2551e2c4322f73f1235486f6b2a69ff6b",
        "is_verified": false,
        "line_number": 1877
      },
      {
        "type": "Hex High Entropy String",
        "filename": "integrations/librarybrain/librarybrain-blender/references/provenance.json",
        "hashed_secret": "dfed28a645720dce64a22a56fd1d92bed580b136",
        "is_verified": false,
        "line_number": 1886
      },
      {
        "type": "Hex High Entropy String",
        "filename": "integrations/librarybrain/librarybrain-blender/references/provenance.json",
        "hashed_secret": "dfb15b54f7d4e141ebddbe8a5de0dcef021c167b",
        "is_verified": false,
        "line_number": 1895
      },
      {
        "type": "Hex High Entropy String",
        "filename": "integrations/librarybrain/librarybrain-blender/references/provenance.json",
        "hashed_secret": "0ccc7ad29f9448b73529bf5e036e0de8badc5170",
        "is_verified": false,
        "line_number": 1904
      },
      {
        "type": "Hex High Entropy String",
        "filename": "integrations/librarybrain/librarybrain-blender/references/provenance.json",
        "hashed_secret": "62f715aec1d4d0ffcb0cfe3d3e44e052a4b58eba",
        "is_verified": false,
        "line_number": 1913
      },
      {
        "type": "Hex High Entropy String",
        "filename": "integrations/librarybrain/librarybrain-blender/references/provenance.json",
        "hashed_secret": "b05ad5e1fa880bd4a8aed3b4a7dde4f58816819d",
        "is_verified": false,
        "line_number": 1922
      },
      {
        "type": "Hex High Entropy String",
        "filename": "integrations/librarybrain/librarybrain-blender/references/provenance.json",
        "hashed_secret": "4580f4af6d7a1c6dea0b04f5a91b5079e274fa10",
        "is_verified": false,
        "line_number": 1931
      },
      {
        "type": "Hex High Entropy String",
        "filename": "integrations/librarybrain/librarybrain-blender/references/provenance.json",
        "hashed_secret": "bc91887b517e0b97d819092c24db55abe988fcee",
        "is_verified": false,
        "line_number": 1940
      },
      {
        "type": "Hex High Entropy String",
        "filename": "integrations/librarybrain/librarybrain-blender/references/provenance.json",
        "hashed_secret": "a631038e1bd2aa6c1184a56ca3de91aba77b11ce",
        "is_verified": false,
        "line_number": 1949
      },
      {
        "type": "Hex High Entropy String",
        "filename": "integrations/librarybrain/librarybrain-blender/references/provenance.json",
        "hashed_secret": "5afb00a809187afb135481b2d5ebbfafa4b04c61",
        "is_verified": false,
        "line_number": 1958
      },
      {
        "type": "Hex High Entropy String",
        "filename": "integrations/librarybrain/librarybrain-blender/references/provenance.json",
        "hashed_secret": "97e1db8053e0b001f42497f3cf1e3679f04d6848",
        "is_verified": false,
        "line_number": 1967
      },
      {
        "type": "Hex High Entropy String",
        "filename": "integrations/librarybrain/librarybrain-blender/references/provenance.json",
        "hashed_secret": "9bc662c8781ae937e4c7f4d9ee00a76743fd8d40",
        "is_verified": false,
        "line_number": 1976
      },
      {
        "type": "Hex High Entropy String",
        "filename": "integrations/librarybrain/librarybrain-blender/references/provenance.json",
        "hashed_secret": "85d089689757646863c1d45044c0d2be77258c14",
        "is_verified": false,
        "line_number": 1985
      },
      {
        "type": "Hex High Entropy String",
        "filename": "integrations/librarybrain/librarybrain-blender/references/provenance.json",
        "hashed_secret": "59473d4af2155c453bf23630c13565a3afbe491c",
        "is_verified": false,
        "line_number": 1994
      },
      {
        "type": "Hex High Entropy String",
        "filename": "integrations/librarybrain/librarybrain-blender/references/provenance.json",
        "hashed_secret": "26b1ab2bc3ea171b9d060cf79423f86328fe5bfa",
        "is_verified": false,
        "line_number": 2003
      },
      {
        "type": "Hex High Entropy String",
        "filename": "integrations/librarybrain/librarybrain-blender/references/provenance.json",
        "hashed_secret": "97ed05adecf32ea951eba391fb43fb6981773653",
        "is_verified": false,
        "line_number": 2012
      },
      {
        "type": "Hex High Entropy String",
        "filename": "integrations/librarybrain/librarybrain-blender/references/provenance.json",
        "hashed_secret": "a48b962a9d8c8631b6012e432535f6a7f8216bcc",
        "is_verified": false,
        "line_number": 2021
      },
      {
        "type": "Hex High Entropy String",
        "filename": "integrations/librarybrain/librarybrain-blender/references/provenance.json",
        "hashed_secret": "ada455dc08252315d9d895f8a44c7f101d30c637",
        "is_verified": false,
        "line_number": 2030
      },
      {
        "type": "Hex High Entropy String",
        "filename": "integrations/librarybrain/librarybrain-blender/references/provenance.json",
        "hashed_secret": "b78893b06254b8116a323add4a06d054d7a3caae",
        "is_verified": false,
        "line_number": 2039
      },
      {
        "type": "Hex High Entropy String",
        "filename": "integrations/librarybrain/librarybrain-blender/references/provenance.json",
        "hashed_secret": "33c06724c3a856eb792d336c6e84f2c1ec03d1ea",
        "is_verified": false,
        "line_number": 2048
      },
      {
        "type": "Hex High Entropy String",
        "filename": "integrations/librarybrain/librarybrain-blender/references/provenance.json",
        "hashed_secret": "e6d2d5a81246e2902b7e3618a049f78985ee3c38",
        "is_verified": false,
        "line_number": 2057
      },
      {
        "type": "Hex High Entropy String",
        "filename": "integrations/librarybrain/librarybrain-blender/references/provenance.json",
        "hashed_secret": "f7fa6f31ccc91bf06816ca2b631f747b2211949d",
        "is_verified": false,
        "line_number": 2066
      },
      {
        "type": "Hex High Entropy String",
        "filename": "integrations/librarybrain/librarybrain-blender/references/provenance.json",
        "hashed_secret": "a2a4572cebcd905fd3b344e00640ef92cae73a9b",
        "is_verified": false,
        "line_number": 2075
      },
      {
        "type": "Hex High Entropy String",
        "filename": "integrations/librarybrain/librarybrain-blender/references/provenance.json",
        "hashed_secret": "fc16738862072f3777e99f9e95b326bcddcbda5f",
        "is_verified": false,
        "line_number": 2084
      },
      {
        "type": "Hex High Entropy String",
        "filename": "integrations/librarybrain/librarybrain-blender/references/provenance.json",
        "hashed_secret": "3f982786bf2d9f0e0f4467b11deb5ebd962abead",
        "is_verified": false,
        "line_number": 2093
      },
      {
        "type": "Hex High Entropy String",
        "filename": "integrations/librarybrain/librarybrain-blender/references/provenance.json",
        "hashed_secret": "76ac9dd1895bd55e15afdbdc34497c8352d640f2",
        "is_verified": false,
        "line_number": 2102
      },
      {
        "type": "Hex High Entropy String",
        "filename": "integrations/librarybrain/librarybrain-blender/references/provenance.json",
        "hashed_secret": "4a8eae338543d59d31ff5a0029a9e2e8a745a5a8",
        "is_verified": false,
        "line_number": 2111
      },
      {
        "type": "Hex High Entropy String",
        "filename": "integrations/librarybrain/librarybrain-blender/references/provenance.json",
        "hashed_secret": "cf2f6097ed149611caedd92c5fb21d1da3d54e25",
        "is_verified": false,
        "line_number": 2120
      },
      {
        "type": "Hex High Entropy String",
        "filename": "integrations/librarybrain/librarybrain-blender/references/provenance.json",
        "hashed_secret": "e8d8f48d8ac1f439473744938ec03a684ca42060",
        "is_verified": false,
        "line_number": 2129
      },
      {
        "type": "Hex High Entropy String",
        "filename": "integrations/librarybrain/librarybrain-blender/references/provenance.json",
        "hashed_secret": "aeb04149ba0a986862a7b71129aa3b4d93b7548e",
        "is_verified": false,
        "line_number": 2138
      },
      {
        "type": "Hex High Entropy String",
        "filename": "integrations/librarybrain/librarybrain-blender/references/provenance.json",
        "hashed_secret": "a81fc203b19a64dcb586994eaebbae43815ecd48",
        "is_verified": false,
        "line_number": 2147
      },
      {
        "type": "Hex High Entropy String",
        "filename": "integrations/librarybrain/librarybrain-blender/references/provenance.json",
        "hashed_secret": "716dc9dcb59906f6e76eed996bbd18524e0f06a3",
        "is_verified": false,
        "line_number": 2156
      },
      {
        "type": "Hex High Entropy String",
        "filename": "integrations/librarybrain/librarybrain-blender/references/provenance.json",
        "hashed_secret": "1bc4b410a42f96e6b8be967dfb4157ab6414fe13",
        "is_verified": false,
        "line_number": 2165
      },
      {
        "type": "Hex High Entropy String",
        "filename": "integrations/librarybrain/librarybrain-blender/references/provenance.json",
        "hashed_secret": "a4f3b0e432eb48619642876fb1e68a8b1a62027b",
        "is_verified": false,
        "line_number": 2174
      },
      {
        "type": "Hex High Entropy String",
        "filename": "integrations/librarybrain/librarybrain-blender/references/provenance.json",
        "hashed_secret": "9c87eb3de6535df21038bcf02fc762f15d36a76a",
        "is_verified": false,
        "line_number": 2183
      },
      {
        "type": "Hex High Entropy String",
        "filename": "integrations/librarybrain/librarybrain-blender/references/provenance.json",
        "hashed_secret": "c3f8c3e867a5fbb3041a5795203fdfa13bc9fc87",
        "is_verified": false,
        "line_number": 2192
      }
    ],
    "integrations/librarybrain/librarybrain-business/klody-skill.json": [
      {
        "type": "Hex High Entropy String",
        "filename": "integrations/librarybrain/librarybrain-business/klody-skill.json",
        "hashed_secret": "a54b78b4dd041be454d7fe3ef60d095ad5169d3a",
        "is_verified": false,
        "line_number": 9
      },
      {
        "type": "Hex High Entropy String",
        "filename": "integrations/librarybrain/librarybrain-business/klody-skill.json",
        "hashed_secret": "8d4cfdb54367eaa23c605383ecda27e2ee1d22a0",
        "is_verified": false,
        "line_number": 10
      }
    ],
    "integrations/librarybrain/librarybrain-business/references/provenance.json": [
      {
        "type": "Hex High Entropy String",
        "filename": "integrations/librarybrain/librarybrain-business/references/provenance.json",
        "hashed_secret": "302408900ace445402c26a0cd2cc6c54a849aca8",
        "is_verified": false,
        "line_number": 92
      },
      {
        "type": "Hex High Entropy String",
        "filename": "integrations/librarybrain/librarybrain-business/references/provenance.json",
        "hashed_secret": "5c10dbe5f9508cf3e14e9ab142d78a348fb075bb",
        "is_verified": false,
        "line_number": 108
      },
      {
        "type": "Hex High Entropy String",
        "filename": "integrations/librarybrain/librarybrain-business/references/provenance.json",
        "hashed_secret": "dd1a854bef185957af85b268ffb0d9e1622a02e6",
        "is_verified": false,
        "line_number": 124
      },
      {
        "type": "Hex High Entropy String",
        "filename": "integrations/librarybrain/librarybrain-business/references/provenance.json",
        "hashed_secret": "8f3a937d9435f98996103d6aae5f15b7559affb1",
        "is_verified": false,
        "line_number": 140
      },
      {
        "type": "Hex High Entropy String",
        "filename": "integrations/librarybrain/librarybrain-business/references/provenance.json",
        "hashed_secret": "15a34c12f9e4a0545a8d0cf3155fc797e74e029e",
        "is_verified": false,
        "line_number": 156
      },
      {
        "type": "Hex High Entropy String",
        "filename": "integrations/librarybrain/librarybrain-business/references/provenance.json",
        "hashed_secret": "2f77772fcf65048f381fbda661e9e16574067008",
        "is_verified": false,
        "line_number": 172
      },
      {
        "type": "Hex High Entropy String",
        "filename": "integrations/librarybrain/librarybrain-business/references/provenance.json",
        "hashed_secret": "44e756794d3617fc6aec5963152e0f214e1d0e80",
        "is_verified": false,
        "line_number": 188
      },
      {
        "type": "Hex High Entropy String",
        "filename": "integrations/librarybrain/librarybrain-business/references/provenance.json",
        "hashed_secret": "37470f0a25d78500f0f51676b9d12a885ec2453a",
        "is_verified": false,
        "line_number": 204
      },
      {
        "type": "Hex High Entropy String",
        "filename": "integrations/librarybrain/librarybrain-business/references/provenance.json",
        "hashed_secret": "26baf9cde1506051e74093694a2283ce1fda43d4",
        "is_verified": false,
        "line_number": 220
      },
      {
        "type": "Hex High Entropy String",
        "filename": "integrations/librarybrain/librarybrain-business/references/provenance.json",
        "hashed_secret": "f06fb784c2c46b4e4072952346c58edca5c06402",
        "is_verified": false,
        "line_number": 236
      },
      {
        "type": "Hex High Entropy String",
        "filename": "integrations/librarybrain/librarybrain-business/references/provenance.json",
        "hashed_secret": "cca137d22dea9acebfb9b79813df140d015818b6",
        "is_verified": false,
        "line_number": 252
      },
      {
        "type": "Hex High Entropy String",
        "filename": "integrations/librarybrain/librarybrain-business/references/provenance.json",
        "hashed_secret": "bdeb6fc8bf977a4d6ea8de6ab44b0390c446461a",
        "is_verified": false,
        "line_number": 268
      },
      {
        "type": "Hex High Entropy String",
        "filename": "integrations/librarybrain/librarybrain-business/references/provenance.json",
        "hashed_secret": "29708d5df589cf20c3fe413faca82de7515e5a26",
        "is_verified": false,
        "line_number": 284
      }
    ],
    "integrations/librarybrain/librarybrain-engineering/klody-skill.json": [
      {
        "type": "Hex High Entropy String",
        "filename": "integrations/librarybrain/librarybrain-engineering/klody-skill.json",
        "hashed_secret": "a0518d23393d7c99c2f784f367eb6dcb0697ea92",
        "is_verified": false,
        "line_number": 9
      },
      {
        "type": "Hex High Entropy String",
        "filename": "integrations/librarybrain/librarybrain-engineering/klody-skill.json",
        "hashed_secret": "528315256510a841965245c24f08ceff48e033e5",
        "is_verified": false,
        "line_number": 10
      }
    ],
    "integrations/librarybrain/librarybrain-engineering/references/provenance.json": [
      {
        "type": "Hex High Entropy String",
        "filename": "integrations/librarybrain/librarybrain-engineering/references/provenance.json",
        "hashed_secret": "49139741e9c3822c413bd32454252610d6d84a77",
        "is_verified": false,
        "line_number": 82
      },
      {
        "type": "Hex High Entropy String",
        "filename": "integrations/librarybrain/librarybrain-engineering/references/provenance.json",
        "hashed_secret": "4039f481b7eef28d0e26b7043e2020e75b78a0d7",
        "is_verified": false,
        "line_number": 98
      },
      {
        "type": "Hex High Entropy String",
        "filename": "integrations/librarybrain/librarybrain-engineering/references/provenance.json",
        "hashed_secret": "b96f1f85df2ff40e6bf8b9e5f4b94fddb2352da6",
        "is_verified": false,
        "line_number": 114
      },
      {
        "type": "Hex High Entropy String",
        "filename": "integrations/librarybrain/librarybrain-engineering/references/provenance.json",
        "hashed_secret": "375530be3fb895dd1b90ec7f3a2d942cc3676f2f",
        "is_verified": false,
        "line_number": 130
      },
      {
        "type": "Hex High Entropy String",
        "filename": "integrations/librarybrain/librarybrain-engineering/references/provenance.json",
        "hashed_secret": "53e1bafce24664fd51c7845d4a69ca309e89e124",
        "is_verified": false,
        "line_number": 146
      },
      {
        "type": "Hex High Entropy String",
        "filename": "integrations/librarybrain/librarybrain-engineering/references/provenance.json",
        "hashed_secret": "757c25d90a4f9f593f358d15db86b2b6a9dc82d3",
        "is_verified": false,
        "line_number": 162
      },
      {
        "type": "Hex High Entropy String",
        "filename": "integrations/librarybrain/librarybrain-engineering/references/provenance.json",
        "hashed_secret": "2c0e7aa6800812f71e0d013dae8c8ddd05612e33",
        "is_verified": false,
        "line_number": 178
      },
      {
        "type": "Hex High Entropy String",
        "filename": "integrations/librarybrain/librarybrain-engineering/references/provenance.json",
        "hashed_secret": "0a1a40e0e53c666e13b7b8de53cc8b55900b7bca",
        "is_verified": false,
        "line_number": 194
      },
      {
        "type": "Hex High Entropy String",
        "filename": "integrations/librarybrain/librarybrain-engineering/references/provenance.json",
        "hashed_secret": "2e816fab1b8cc8a94efc45d24c54f10a901c196a",
        "is_verified": false,
        "line_number": 210
      },
      {
        "type": "Hex High Entropy String",
        "filename": "integrations/librarybrain/librarybrain-engineering/references/provenance.json",
        "hashed_secret": "ed6e0bc42458bd7eb18e93759622e46e1938bd5b",
        "is_verified": false,
        "line_number": 226
      },
      {
        "type": "Hex High Entropy String",
        "filename": "integrations/librarybrain/librarybrain-engineering/references/provenance.json",
        "hashed_secret": "faa97e6c37391f08ec6126514d973a646ba650ee",
        "is_verified": false,
        "line_number": 242
      }
    ],
    "integrations/librarybrain/librarybrain-music/klody-skill.json": [
      {
        "type": "Hex High Entropy String",
        "filename": "integrations/librarybrain/librarybrain-music/klody-skill.json",
        "hashed_secret": "40d614a9af93c8e287c78fbf357eb2f98f3b1afd",
        "is_verified": false,
        "line_number": 9
      },
      {
        "type": "Hex High Entropy String",
        "filename": "integrations/librarybrain/librarybrain-music/klody-skill.json",
        "hashed_secret": "543ed46ee2c461a48cc05d09bf838e6f843febc4",
        "is_verified": false,
        "line_number": 10
      }
    ],
    "integrations/librarybrain/librarybrain-music/references/provenance.json": [
      {
        "type": "Hex High Entropy String",
        "filename": "integrations/librarybrain/librarybrain-music/references/provenance.json",
        "hashed_secret": "ddccd08978fb9c764fa36e12793272343c6566ad",
        "is_verified": false,
        "line_number": 87
      },
      {
        "type": "Hex High Entropy String",
        "filename": "integrations/librarybrain/librarybrain-music/references/provenance.json",
        "hashed_secret": "85e5cd48a7e4c91e806c242b5efa7c7dabc63652",
        "is_verified": false,
        "line_number": 103
      },
      {
        "type": "Hex High Entropy String",
        "filename": "integrations/librarybrain/librarybrain-music/references/provenance.json",
        "hashed_secret": "588bef0f7ee846e7fbe0a5c56ffb4b0de8e685f5",
        "is_verified": false,
        "line_number": 119
      },
      {
        "type": "Hex High Entropy String",
        "filename": "integrations/librarybrain/librarybrain-music/references/provenance.json",
        "hashed_secret": "b86cede5a9fe31b178110f3042f1985578ca5863",
        "is_verified": false,
        "line_number": 135
      },
      {
        "type": "Hex High Entropy String",
        "filename": "integrations/librarybrain/librarybrain-music/references/provenance.json",
        "hashed_secret": "f3a12439c882a554c9e7598e95fcda7e9e3f8b7e",
        "is_verified": false,
        "line_number": 151
      },
      {
        "type": "Hex High Entropy String",
        "filename": "integrations/librarybrain/librarybrain-music/references/provenance.json",
        "hashed_secret": "3109e4a84cc88317f026ad4f8bbd2b450d5b1be3",
        "is_verified": false,
        "line_number": 167
      },
      {
        "type": "Hex High Entropy String",
        "filename": "integrations/librarybrain/librarybrain-music/references/provenance.json",
        "hashed_secret": "5a5dea4160c508bf0fa55d73fbe01ec2f0e7ce3e",
        "is_verified": false,
        "line_number": 183
      }
    ],
    "integrations/librarybrain/librarybrain-research/klody-skill.json": [
      {
        "type": "Hex High Entropy String",
        "filename": "integrations/librarybrain/librarybrain-research/klody-skill.json",
        "hashed_secret": "84abf9fe594b1b733ca56e303fd958edb08bba14",
        "is_verified": false,
        "line_number": 9
      },
      {
        "type": "Hex High Entropy String",
        "filename": "integrations/librarybrain/librarybrain-research/klody-skill.json",
        "hashed_secret": "dc2deb3a210405c9e72c89e71059b352f90c72cf",
        "is_verified": false,
        "line_number": 10
      }
    ],
    "integrations/librarybrain/librarybrain-research/references/provenance.json": [
      {
        "type": "Hex High Entropy String",
        "filename": "integrations/librarybrain/librarybrain-research/references/provenance.json",
        "hashed_secret": "4ab154bb2e4a58908fb21126349720a107a69d18",
        "is_verified": false,
        "line_number": 79
      },
      {
        "type": "Hex High Entropy String",
        "filename": "integrations/librarybrain/librarybrain-research/references/provenance.json",
        "hashed_secret": "7b407ed7b3c0b00302ea010d319e2384714436e5",
        "is_verified": false,
        "line_number": 95
      },
      {
        "type": "Hex High Entropy String",
        "filename": "integrations/librarybrain/librarybrain-research/references/provenance.json",
        "hashed_secret": "03647bde4a07c0a8562f151ed28c07d837ed641e",
        "is_verified": false,
        "line_number": 111
      },
      {
        "type": "Hex High Entropy String",
        "filename": "integrations/librarybrain/librarybrain-research/references/provenance.json",
        "hashed_secret": "60a5c160d8dceef284729cd6fd16d1d15e699ee2",
        "is_verified": false,
        "line_number": 127
      },
      {
        "type": "Hex High Entropy String",
        "filename": "integrations/librarybrain/librarybrain-research/references/provenance.json",
        "hashed_secret": "2c0e7aa6800812f71e0d013dae8c8ddd05612e33",
        "is_verified": false,
        "line_number": 143
      },
      {
        "type": "Hex High Entropy String",
        "filename": "integrations/librarybrain/librarybrain-research/references/provenance.json",
        "hashed_secret": "ed6e0bc42458bd7eb18e93759622e46e1938bd5b",
        "is_verified": false,
        "line_number": 159
      },
      {
        "type": "Hex High Entropy String",
        "filename": "integrations/librarybrain/librarybrain-research/references/provenance.json",
        "hashed_secret": "0a1a40e0e53c666e13b7b8de53cc8b55900b7bca",
        "is_verified": false,
        "line_number": 175
      }
    ],
    "integrations/librarybrain/librarybrain-unity/klody-skill.json": [
      {
        "type": "Hex High Entropy String",
        "filename": "integrations/librarybrain/librarybrain-unity/klody-skill.json",
        "hashed_secret": "572de92e5b882c787d684e5b19c27e27c50713e6",
        "is_verified": false,
        "line_number": 9
      },
      {
        "type": "Hex High Entropy String",
        "filename": "integrations/librarybrain/librarybrain-unity/klody-skill.json",
        "hashed_secret": "1844db52d074bb61c6bee44d4c93cd67c3cb177f",
        "is_verified": false,
        "line_number": 10
      }
    ],
    "integrations/librarybrain/librarybrain-unity/references/provenance.json": [
      {
        "type": "Hex High Entropy String",
        "filename": "integrations/librarybrain/librarybrain-unity/references/provenance.json",
        "hashed_secret": "e386fdf3e6fe810369261fb1456924c1c2d09b4a",
        "is_verified": false,
        "line_number": 9
      },
      {
        "type": "Hex High Entropy String",
        "filename": "integrations/librarybrain/librarybrain-unity/references/provenance.json",
        "hashed_secret": "0947292d68956af5dab4eca13f8da0df49f6523e",
        "is_verified": false,
        "line_number": 95
      },
      {
        "type": "Hex High Entropy String",
        "filename": "integrations/librarybrain/librarybrain-unity/references/provenance.json",
        "hashed_secret": "ae7983b77635b6e5331f872741f3e8da8d0ca072",
        "is_verified": false,
        "line_number": 104
      },
      {
        "type": "Hex High Entropy String",
        "filename": "integrations/librarybrain/librarybrain-unity/references/provenance.json",
        "hashed_secret": "a45a8320c8c275400dfefcaab1ad9545278dd1ae",
        "is_verified": false,
        "line_number": 113
      },
      {
        "type": "Hex High Entropy String",
        "filename": "integrations/librarybrain/librarybrain-unity/references/provenance.json",
        "hashed_secret": "eaa554dae58819308cd16329a77b53f2c3a1f90f",
        "is_verified": false,
        "line_number": 122
      },
      {
        "type": "Hex High Entropy String",
        "filename": "integrations/librarybrain/librarybrain-unity/references/provenance.json",
        "hashed_secret": "4580f4af6d7a1c6dea0b04f5a91b5079e274fa10",
        "is_verified": false,
        "line_number": 131
      },
      {
        "type": "Hex High Entropy String",
        "filename": "integrations/librarybrain/librarybrain-unity/references/provenance.json",
        "hashed_secret": "bc91887b517e0b97d819092c24db55abe988fcee",
        "is_verified": false,
        "line_number": 140
      },
      {
        "type": "Hex High Entropy String",
        "filename": "integrations/librarybrain/librarybrain-unity/references/provenance.json",
        "hashed_secret": "a631038e1bd2aa6c1184a56ca3de91aba77b11ce",
        "is_verified": false,
        "line_number": 149
      },
      {
        "type": "Hex High Entropy String",
        "filename": "integrations/librarybrain/librarybrain-unity/references/provenance.json",
        "hashed_secret": "f8f9f9522b7ead2f96e4990a5d2f331e5ed620f0",
        "is_verified": false,
        "line_number": 158
      },
      {
        "type": "Hex High Entropy String",
        "filename": "integrations/librarybrain/librarybrain-unity/references/provenance.json",
        "hashed_secret": "61390e3db7b370c1432f0e1e77aadb55cefc04da",
        "is_verified": false,
        "line_number": 167
      },
      {
        "type": "Hex High Entropy String",
        "filename": "integrations/librarybrain/librarybrain-unity/references/provenance.json",
        "hashed_secret": "9fb9d1343886198d38885cfe321a97a3fbbe5c16",
        "is_verified": false,
        "line_number": 176
      },
      {
        "type": "Hex High Entropy String",
        "filename": "integrations/librarybrain/librarybrain-unity/references/provenance.json",
        "hashed_secret": "15cb47c4c294c8a60fd6cc293ae45aca45d5ca39",
        "is_verified": false,
        "line_number": 185
      },
      {
        "type": "Hex High Entropy String",
        "filename": "integrations/librarybrain/librarybrain-unity/references/provenance.json",
        "hashed_secret": "82d80a37f8f61efc849711bfe8bce2a1e1a616e8",
        "is_verified": false,
        "line_number": 194
      },
      {
        "type": "Hex High Entropy String",
        "filename": "integrations/librarybrain/librarybrain-unity/references/provenance.json",
        "hashed_secret": "67e5415311a685a6a222984872764cf805850b05",
        "is_verified": false,
        "line_number": 203
      },
      {
        "type": "Hex High Entropy String",
        "filename": "integrations/librarybrain/librarybrain-unity/references/provenance.json",
        "hashed_secret": "4741681440eda2c1558cd3992f6388873af10316",
        "is_verified": false,
        "line_number": 212
      },
      {
        "type": "Hex High Entropy String",
        "filename": "integrations/librarybrain/librarybrain-unity/references/provenance.json",
        "hashed_secret": "fc16738862072f3777e99f9e95b326bcddcbda5f",
        "is_verified": false,
        "line_number": 221
      },
      {
        "type": "Hex High Entropy String",
        "filename": "integrations/librarybrain/librarybrain-unity/references/provenance.json",
        "hashed_secret": "3f982786bf2d9f0e0f4467b11deb5ebd962abead",
        "is_verified": false,
        "line_number": 230
      },
      {
        "type": "Hex High Entropy String",
        "filename": "integrations/librarybrain/librarybrain-unity/references/provenance.json",
        "hashed_secret": "76ac9dd1895bd55e15afdbdc34497c8352d640f2",
        "is_verified": false,
        "line_number": 239
      },
      {
        "type": "Hex High Entropy String",
        "filename": "integrations/librarybrain/librarybrain-unity/references/provenance.json",
        "hashed_secret": "4a8eae338543d59d31ff5a0029a9e2e8a745a5a8",
        "is_verified": false,
        "line_number": 248
      },
      {
        "type": "Hex High Entropy String",
        "filename": "integrations/librarybrain/librarybrain-unity/references/provenance.json",
        "hashed_secret": "cf2f6097ed149611caedd92c5fb21d1da3d54e25",
        "is_verified": false,
        "line_number": 257
      },
      {
        "type": "Hex High Entropy String",
        "filename": "integrations/librarybrain/librarybrain-unity/references/provenance.json",
        "hashed_secret": "e8d8f48d8ac1f439473744938ec03a684ca42060",
        "is_verified": false,
        "line_number": 266
      },
      {
        "type": "Hex High Entropy String",
        "filename": "integrations/librarybrain/librarybrain-unity/references/provenance.json",
        "hashed_secret": "110fef301d9a24bee09ee748c8b16a6e7a0c0d42",
        "is_verified": false,
        "line_number": 275
      },
      {
        "type": "Hex High Entropy String",
        "filename": "integrations/librarybrain/librarybrain-unity/references/provenance.json",
        "hashed_secret": "af6f8fedda3da99dc0c52d1e20a70adad4d91259",
        "is_verified": false,
        "line_number": 284
      },
      {
        "type": "Hex High Entropy String",
        "filename": "integrations/librarybrain/librarybrain-unity/references/provenance.json",
        "hashed_secret": "4dc091733f9bd86f4f51ed404228dfb58fb9d496",
        "is_verified": false,
        "line_number": 293
      },
      {
        "type": "Hex High Entropy String",
        "filename": "integrations/librarybrain/librarybrain-unity/references/provenance.json",
        "hashed_secret": "d97159e823ba597e18090948018ceebe4db239b5",
        "is_verified": false,
        "line_number": 302
      },
      {
        "type": "Hex High Entropy String",
        "filename": "integrations/librarybrain/librarybrain-unity/references/provenance.json",
        "hashed_secret": "92f83947fb7ca246066c9e3ac816ed4cfb0b11d5",
        "is_verified": false,
        "line_number": 311
      }
    ],
    "skills/librarybrain_blender.json": [
      {
        "type": "Hex High Entropy String",
        "filename": "skills/librarybrain_blender.json",
        "hashed_secret": "60964cc11571c8a7e8d00edbd09b41386422b54e",
        "is_verified": false,
        "line_number": 9
      },
      {
        "type": "Hex High Entropy String",
        "filename": "skills/librarybrain_blender.json",
        "hashed_secret": "723471f7dbcf1872802e6fad15989b48eb3fbb6d",
        "is_verified": false,
        "line_number": 10
      }
    ],
    "skills/librarybrain_business.json": [
      {
        "type": "Hex High Entropy String",
        "filename": "skills/librarybrain_business.json",
        "hashed_secret": "a54b78b4dd041be454d7fe3ef60d095ad5169d3a",
        "is_verified": false,
        "line_number": 9
      },
      {
        "type": "Hex High Entropy String",
        "filename": "skills/librarybrain_business.json",
        "hashed_secret": "8d4cfdb54367eaa23c605383ecda27e2ee1d22a0",
        "is_verified": false,
        "line_number": 10
      }
    ],
    "skills/librarybrain_engineering.json": [
      {
        "type": "Hex High Entropy String",
        "filename": "skills/librarybrain_engineering.json",
        "hashed_secret": "a0518d23393d7c99c2f784f367eb6dcb0697ea92",
        "is_verified": false,
        "line_number": 9
      },
      {
        "type": "Hex High Entropy String",
        "filename": "skills/librarybrain_engineering.json",
        "hashed_secret": "528315256510a841965245c24f08ceff48e033e5",
        "is_verified": false,
        "line_number": 10
      }
    ],
    "skills/librarybrain_music.json": [
      {
        "type": "Hex High Entropy String",
        "filename": "skills/librarybrain_music.json",
        "hashed_secret": "40d614a9af93c8e287c78fbf357eb2f98f3b1afd",
        "is_verified": false,
        "line_number": 9
      },
      {
        "type": "Hex High Entropy String",
        "filename": "skills/librarybrain_music.json",
        "hashed_secret": "543ed46ee2c461a48cc05d09bf838e6f843febc4",
        "is_verified": false,
        "line_number": 10
      }
    ],
    "skills/librarybrain_research.json": [
      {
        "type": "Hex High Entropy String",
        "filename": "skills/librarybrain_research.json",
        "hashed_secret": "84abf9fe594b1b733ca56e303fd958edb08bba14",
        "is_verified": false,
        "line_number": 9
      },
      {
        "type": "Hex High Entropy String",
        "filename": "skills/librarybrain_research.json",
        "hashed_secret": "dc2deb3a210405c9e72c89e71059b352f90c72cf",
        "is_verified": false,
        "line_number": 10
      }
    ],
    "skills/librarybrain_unity.json": [
      {
        "type": "Hex High Entropy String",
        "filename": "skills/librarybrain_unity.json",
        "hashed_secret": "572de92e5b882c787d684e5b19c27e27c50713e6",
        "is_verified": false,
        "line_number": 9
      },
      {
        "type": "Hex High Entropy String",
        "filename": "skills/librarybrain_unity.json",
        "hashed_secret": "1844db52d074bb61c6bee44d4c93cd67c3cb177f",
        "is_verified": false,
        "line_number": 10
      }
    ],
    "tests/test_security.py": [
      {
        "type": "Private Key",
        "filename": "tests/test_security.py",
        "hashed_secret": "1348b145fa1a555461c1b790a2f66614781091e9",
        "is_verified": false,
        "line_number": 122
      }
    ]
  },
  "generated_at": "2026-09-22T18:45:42Z"
}
